2025-11-16 18:20:38, MOVE, v:1, k:poo@pula-pula, mode:DOWN
2025-11-16 18:30:58, MOVE, v:1, k:poo@pula-pula, mode:PICK
2025-11-16 18:30:59, EXEC, v:1, k:poo@pula-pula, mode:FULL, rate:0, size:24
2025-11-16 18:31:00, MOVE, v:1, k:poo@pula-pula, mode:BACK
2025-11-16 18:44:13, MOVE, v:1, k:poo@pula-pula, mode:PICK
2025-11-16 18:44:13, EXEC, v:1, k:poo@pula-pula, mode:FULL, rate:0, size:39
2025-11-16 18:44:27, MOVE, v:1, k:poo@pula-pula, mode:BACK
2025-11-16 18:44:54, SELF, v:1, k:poo@lapiseira, rate:100, guide:videos, other:programiz, alone:9, study:420
2025-11-16 18:47:06, MOVE, v:1, k:poo@pula-pula, mode:PICK
2025-11-16 18:47:07, EXEC, v:1, k:poo@pula-pula, mode:FULL, rate:0
2025-11-16 18:47:09, MOVE, v:1, k:poo@pula-pula, mode:BACK
2025-11-16 19:01:15, MOVE, v:1, k:poo@pula-pula, mode:PICK
2025-11-16 19:01:16, EXEC, v:1, k:poo@pula-pula, mode:FULL, rate:0
2025-11-16 19:01:17, EXEC, v:1, k:poo@pula-pula, mode:FULL, rate:0
2025-11-16 19:01:17, EXEC, v:1, k:poo@pula-pula, mode:FULL, rate:0
2025-11-16 19:01:17, EXEC, v:1, k:poo@pula-pula, mode:FULL, rate:0
2025-11-16 19:01:17, EXEC, v:1, k:poo@pula-pula, mode:FULL, rate:0
2025-11-16 19:01:18, EXEC, v:1, k:poo@pula-pula, mode:FULL, rate:0
2025-11-16 19:01:19, MOVE, v:1, k:poo@pula-pula, mode:BACK
2025-11-16 19:08:46, MOVE, v:1, k:poo@pula-pula, mode:PICK
2025-11-16 19:08:46, EXEC, v:1, k:poo@pula-pula, mode:FULL, rate:0, size:47
2025-11-16 19:08:47, EXEC, v:1, k:poo@pula-pula, mode:FULL, rate:0
2025-11-16 19:08:47, EXEC, v:1, k:poo@pula-pula, mode:FULL, rate:0
2025-11-16 19:08:57, MOVE, v:1, k:poo@pula-pula, mode:BACK
2025-11-16 19:16:29, MOVE, v:1, k:poo@pula-pula, mode:PICK
2025-11-16 19:16:29, EXEC, v:1, k:poo@pula-pula, mode:FULL, rate:0, size:57
2025-11-16 19:20:39, EXEC, v:1, k:poo@pula-pula, mode:FULL, rate:0, size:58
2025-11-16 19:21:31, MOVE, v:1, k:poo@pula-pula, mode:BACK
2025-11-16 19:21:40, MOVE, v:1, k:poo@pula-pula, mode:PICK
2025-11-16 19:21:41, EXEC, v:1, k:poo@pula-pula, mode:FULL, rate:0
2025-11-16 19:25:20, EXEC, v:1, k:poo@pula-pula, mode:FULL, rate:0, size:74
2025-11-16 19:29:28, EXEC, v:1, k:poo@pula-pula, mode:FULL, rate:0, size:83
2025-11-16 19:34:03, EXEC, v:1, k:poo@pula-pula, mode:FULL, rate:0, size:81
2025-11-16 19:34:04, EXEC, v:1, k:poo@pula-pula, mode:FULL, rate:0
2025-11-16 19:34:12, MOVE, v:1, k:poo@pula-pula, mode:BACK
2025-11-16 20:22:46, MOVE, v:1, k:poo@pula-pula, mode:PICK
2025-11-16 20:22:46, EXEC, v:1, k:poo@pula-pula, mode:FULL, rate:0
2025-11-16 20:22:47, EXEC, v:1, k:poo@pula-pula, mode:FULL, rate:0
2025-11-16 20:22:47, EXEC, v:1, k:poo@pula-pula, mode:FULL, rate:0
2025-11-16 20:22:47, EXEC, v:1, k:poo@pula-pula, mode:FULL, rate:0
2025-11-16 20:22:48, MOVE, v:1, k:poo@pula-pula, mode:BACK
2025-11-16 20:32:55, MOVE, v:1, k:poo@pula-pula, mode:PICK
2025-11-16 20:32:56, EXEC, v:1, k:poo@pula-pula, mode:FULL, rate:0, size:85
2025-11-16 20:32:57, EXEC, v:1, k:poo@pula-pula, mode:FULL, rate:0
2025-11-16 20:33:00, EXEC, v:1, k:poo@pula-pula, mode:FULL, rate:0
2025-11-16 20:37:57, EXEC, v:1, k:poo@pula-pula, mode:FULL, rate:0, size:90
2025-11-16 20:37:58, EXEC, v:1, k:poo@pula-pula, mode:FULL, rate:0
2025-11-16 20:37:59, EXEC, v:1, k:poo@pula-pula, mode:FULL, rate:0
2025-11-16 20:37:59, EXEC, v:1, k:poo@pula-pula, mode:FULL, rate:0
2025-11-16 20:38:00, EXEC, v:1, k:poo@pula-pula, mode:FULL, rate:0
2025-11-16 20:38:32, EXEC, v:1, k:poo@pula-pula, mode:FULL, rate:0, size:87
2025-11-16 20:38:33, EXEC, v:1, k:poo@pula-pula, mode:FULL, rate:0
2025-11-16 20:39:02, EXEC, v:1, k:poo@pula-pula, mode:FULL, rate:0, size:87
2025-11-16 21:54:44, MOVE, v:1, k:poo@pula-pula, mode:PICK
2025-11-16 21:54:45, EXEC, v:1, k:poo@pula-pula, mode:FULL, rate:0, size:88
2025-11-16 21:54:46, EXEC, v:1, k:poo@pula-pula, mode:FULL, rate:0
2025-11-16 21:54:55, EXEC, v:1, k:poo@pula-pula, mode:FULL, rate:0
2025-11-16 21:54:56, EXEC, v:1, k:poo@pula-pula, mode:FULL, rate:0
2025-11-16 21:59:19, EXEC, v:1, k:poo@pula-pula, mode:FULL, rate:0, size:88
2025-11-16 21:59:20, EXEC, v:1, k:poo@pula-pula, mode:FULL, rate:0
2025-11-16 21:59:22, EXEC, v:1, k:poo@pula-pula, mode:FULL, rate:0
2025-11-16 21:59:22, EXEC, v:1, k:poo@pula-pula, mode:FULL, rate:0
2025-11-16 21:59:26, EXEC, v:1, k:poo@pula-pula, mode:FULL, rate:0
2025-11-16 21:59:26, EXEC, v:1, k:poo@pula-pula, mode:FULL, rate:0
2025-11-16 22:03:17, EXEC, v:1, k:poo@pula-pula, mode:FULL, rate:0, size:88
2025-11-16 22:03:18, EXEC, v:1, k:poo@pula-pula, mode:FULL, rate:0
2025-11-16 22:08:23, EXEC, v:1, k:poo@pula-pula, mode:FULL, rate:0, size:88
2025-11-16 22:08:24, EXEC, v:1, k:poo@pula-pula, mode:FULL, rate:0
2025-11-16 22:08:58, EXEC, v:1, k:poo@pula-pula, mode:FULL, rate:0, size:88
2025-11-16 22:08:58, EXEC, v:1, k:poo@pula-pula, mode:FULL, rate:0, size:88
2025-11-16 22:09:01, EXEC, v:1, k:poo@pula-pula, mode:FULL, rate:0, size:88
2025-11-16 22:09:01, EXEC, v:1, k:poo@pula-pula, mode:FULL, rate:0
2025-11-16 22:09:52, EXEC, v:1, k:poo@pula-pula, mode:FULL, rate:0
2025-11-16 22:09:52, EXEC, v:1, k:poo@pula-pula, mode:FULL, rate:0
2025-11-16 22:09:52, EXEC, v:1, k:poo@pula-pula, mode:FULL, rate:0
2025-11-16 22:11:01, EXEC, v:1, k:poo@pula-pula, mode:FULL, rate:20, size:88
2025-11-16 22:19:16, EXEC, v:1, k:poo@pula-pula, mode:FULL, rate:20, size:90
2025-11-16 22:19:21, EXEC, v:1, k:poo@pula-pula, mode:FULL, rate:20
2025-11-16 22:19:21, EXEC, v:1, k:poo@pula-pula, mode:FULL, rate:20
2025-11-16 22:19:26, EXEC, v:1, k:poo@pula-pula, mode:FULL, rate:20
2025-11-16 22:19:27, EXEC, v:1, k:poo@pula-pula, mode:FULL, rate:20
2025-11-16 22:21:32, EXEC, v:1, k:poo@pula-pula, mode:FULL, rate:20, size:90
2025-11-16 22:21:33, EXEC, v:1, k:poo@pula-pula, mode:FULL, rate:20
2025-11-16 22:21:37, EXEC, v:1, k:poo@pula-pula, mode:FULL, rate:20
2025-11-16 22:21:38, EXEC, v:1, k:poo@pula-pula, mode:FULL, rate:20
2025-11-16 22:22:07, EXEC, v:1, k:poo@pula-pula, mode:FULL, rate:20
2025-11-16 22:22:07, EXEC, v:1, k:poo@pula-pula, mode:FULL, rate:20
2025-11-16 22:22:08, EXEC, v:1, k:poo@pula-pula, mode:FULL, rate:20
2025-11-16 22:22:08, MOVE, v:1, k:poo@pula-pula, mode:BACK
2025-11-16 22:22:23, MOVE, v:1, k:poo@pula-pula, mode:PICK
2025-11-16 22:22:24, EXEC, v:1, k:poo@pula-pula, mode:FULL, rate:20
2025-11-16 22:22:24, EXEC, v:1, k:poo@pula-pula, mode:FULL, rate:20
2025-11-16 22:26:01, MOVE, v:1, k:poo@pula-pula, mode:BACK
2025-11-16 22:33:54, MOVE, v:1, k:poo@pula-pula, mode:PICK
2025-11-16 22:33:55, EXEC, v:1, k:poo@pula-pula, mode:FULL, rate:20
2025-11-16 22:40:00, EXEC, v:1, k:poo@pula-pula, mode:FULL, rate:0, size:90
2025-11-16 22:40:01, EXEC, v:1, k:poo@pula-pula, mode:FULL, rate:0
2025-11-16 22:40:34, MOVE, v:1, k:poo@pula-pula, mode:BACK
2025-11-16 22:41:03, MOVE, v:1, k:poo@pula-pula, mode:PICK
2025-11-16 22:41:04, EXEC, v:1, k:poo@pula-pula, mode:FULL, rate:20, size:90
2025-11-16 22:41:33, EXEC, v:1, k:poo@pula-pula, mode:FULL, rate:0, size:90
2025-11-16 22:41:34, EXEC, v:1, k:poo@pula-pula, mode:FULL, rate:0
2025-11-16 22:41:51, MOVE, v:1, k:poo@pula-pula, mode:BACK
2025-11-16 22:46:26, MOVE, v:1, k:poo@lapiseira, mode:PICK
2025-11-16 22:46:28, EXEC, v:1, k:poo@lapiseira, mode:FULL, rate:100, size:140
2025-11-16 22:46:29, MOVE, v:1, k:poo@lapiseira, mode:BACK
2025-11-16 22:46:31, MOVE, v:1, k:poo@pula-pula, mode:PICK
2025-11-16 22:46:32, EXEC, v:1, k:poo@pula-pula, mode:FULL, rate:20, size:90
2025-11-16 22:54:53, EXEC, v:1, k:poo@pula-pula, mode:FULL, rate:20, size:87
2025-11-16 22:54:54, EXEC, v:1, k:poo@pula-pula, mode:FULL, rate:20
2025-11-16 22:55:03, EXEC, v:1, k:poo@pula-pula, mode:FULL, rate:20
2025-11-16 22:55:04, EXEC, v:1, k:poo@pula-pula, mode:FULL, rate:20
2025-11-16 22:55:04, EXEC, v:1, k:poo@pula-pula, mode:FULL, rate:20
2025-11-16 22:55:12, EXEC, v:1, k:poo@pula-pula, mode:FULL, rate:20, size:87
2025-11-16 22:55:13, EXEC, v:1, k:poo@pula-pula, mode:FULL, rate:20
2025-11-16 22:55:14, EXEC, v:1, k:poo@pula-pula, mode:FULL, rate:20
2025-11-16 22:55:14, EXEC, v:1, k:poo@pula-pula, mode:FULL, rate:20
2025-11-16 22:55:15, EXEC, v:1, k:poo@pula-pula, mode:FULL, rate:20
2025-11-16 22:55:15, EXEC, v:1, k:poo@pula-pula, mode:FULL, rate:20
2025-11-16 22:55:30, EXEC, v:1, k:poo@pula-pula, mode:FULL, rate:20, size:87
2025-11-16 22:55:31, EXEC, v:1, k:poo@pula-pula, mode:FULL, rate:20
2025-11-16 23:08:09, EXEC, v:1, k:poo@pula-pula, mode:FULL, rate:0, size:90
2025-11-16 23:08:09, EXEC, v:1, k:poo@pula-pula, mode:FULL, rate:0, size:90
2025-11-16 23:08:59, EXEC, v:1, k:poo@pula-pula, mode:FULL, rate:20, size:89
2025-11-16 23:08:59, EXEC, v:1, k:poo@pula-pula, mode:FULL, rate:20
2025-11-16 23:08:59, EXEC, v:1, k:poo@pula-pula, mode:FULL, rate:20
2025-11-16 23:17:00, EXEC, v:1, k:poo@pula-pula, mode:FULL, rate:0, size:89
2025-11-16 23:17:01, EXEC, v:1, k:poo@pula-pula, mode:FULL, rate:0
2025-11-16 23:17:22, EXEC, v:1, k:poo@pula-pula, mode:FULL, rate:0, size:89
2025-11-16 23:17:23, EXEC, v:1, k:poo@pula-pula, mode:FULL, rate:0
2025-11-16 23:18:36, EXEC, v:1, k:poo@pula-pula, mode:FULL, rate:20, size:90
2025-11-16 23:18:36, EXEC, v:1, k:poo@pula-pula, mode:FULL, rate:20
